This is pdfTeX, Version 3.141592653-2.6-1.40.29 (TeX Live 2026) (preloaded format=pdflatex 2026.3.18)  19 AUG 2026 11:25
entering extended mode
 restricted \write18 enabled.
 file:line:error style messages enabled.
 %&-line parsing enabled.
**/home/bk22ms064/Work/IPGP/write_paper/draft.tex
(/home/bk22ms064/Work/IPGP/write_paper/draft.tex
LaTeX2e <2025-11-01>
L3 programming layer <2026-01-19>
(./agujournal2019.cls
Document Class: agujournal2019 01/14/2019
(/usr/local/texlive/2026/texmf-dist/tex/latex/graphics/graphicx.sty
Package: graphicx 2024/12/31 v1.2e Enhanced LaTeX Graphics (DPC,SPQR)
 (/usr/local/texlive/2026/texmf-dist/tex/latex/graphics/keyval.sty
Package: keyval 2022/05/29 v1.15 key=value parser (DPC)
\KV@toks@=\toks17
) (/usr/local/texlive/2026/texmf-dist/tex/latex/graphics/graphics.sty
Package: graphics 2024/08/06 v1.4g Standard LaTeX Graphics (DPC,SPQR)
 (/usr/local/texlive/2026/texmf-dist/tex/latex/graphics/trig.sty
Package: trig 2023/12/02 v1.11 sin cos tan (DPC)
) (/usr/local/texlive/2026/texmf-dist/tex/latex/graphics-cfg/graphics.cfg
File: graphics.cfg 2016/06/04 v1.11 sample graphics configuration
)
Package graphics Info: Driver file: pdftex.def on input line 106.
 (/usr/local/texlive/2026/texmf-dist/tex/latex/graphics-def/pdftex.def
File: pdftex.def 2025/09/29 v1.2d Graphics/color driver for pdftex
))
\Gin@req@height=\dimen148
\Gin@req@width=\dimen149
) (/usr/local/texlive/2026/texmf-dist/tex/latex/xcolor/xcolor.sty
Package: xcolor 2024/09/29 v3.02 LaTeX color extensions (UK)
 (/usr/local/texlive/2026/texmf-dist/tex/latex/graphics-cfg/color.cfg
File: color.cfg 2016/01/02 v1.6 sample color configuration
)
Package xcolor Info: Driver file: pdftex.def on input line 274.
 (/usr/local/texlive/2026/texmf-dist/tex/latex/graphics/mathcolor.ltx)
Package xcolor Info: Model `cmy' substituted by `cmy0' on input line 1349.
Package xcolor Info: Model `hsb' substituted by `rgb' on input line 1353.
Package xcolor Info: Model `RGB' extended on input line 1365.
Package xcolor Info: Model `HTML' substituted by `rgb' on input line 1367.
Package xcolor Info: Model `Hsb' substituted by `hsb' on input line 1368.
Package xcolor Info: Model `tHsb' substituted by `hsb' on input line 1369.
Package xcolor Info: Model `HSB' substituted by `hsb' on input line 1370.
Package xcolor Info: Model `Gray' substituted by `gray' on input line 1371.
Package xcolor Info: Model `wave' substituted by `hsb' on input line 1372.
) (/usr/local/texlive/2026/texmf-dist/tex/latex/url/url.sty
\Urlmuskip=\muskip17
Package: url 2013/09/16  ver 3.4  Verb mode for urls, etc.
) (/usr/local/texlive/2026/texmf-dist/tex/latex/lineno/lineno.sty
Package: lineno 2026/03/08 line numbers on paragraphs v5.9
 (/usr/local/texlive/2026/texmf-dist/tex/latex/etoolbox/etoolbox.sty
Package: etoolbox 2025/10/02 v2.5m e-TeX tools for LaTeX (JAW)
\etb@tempcnta=\count275
) (/usr/local/texlive/2026/texmf-dist/tex/latex/kvoptions/kvoptions.sty
Package: kvoptions 2022-06-15 v3.15 Key value format for package options (HO)
 (/usr/local/texlive/2026/texmf-dist/tex/generic/ltxcmds/ltxcmds.sty
Package: ltxcmds 2023-12-04 v1.26 LaTeX kernel commands for general use (HO)
) (/usr/local/texlive/2026/texmf-dist/tex/latex/kvsetkeys/kvsetkeys.sty
Package: kvsetkeys 2022-10-05 v1.19 Key value parser (HO)
))
\linenopenalty=\count276
\output=\toks18
\linenoprevgraf=\count277
\linenumbersep=\dimen150
\linenumberwidth=\dimen151
\c@linenumber=\count278
\c@pagewiselinenumber=\count279
\c@LN@truepage=\count280
\c@internallinenumber=\count281
\c@internallinenumbers=\count282
\quotelinenumbersep=\dimen152
\bframerule=\dimen153
\bframesep=\dimen154
\bframebox=\box53
) (/usr/local/texlive/2026/texmf-dist/tex/latex/tools/indentfirst.sty
Package: indentfirst 2023/07/02 v1.03 Indent first paragraph (DPC)
) (/usr/local/texlive/2026/texmf-dist/tex/latex/ragged2e/ragged2e.sty
Package: ragged2e 2023/06/22 v3.6 ragged2e Package
\CenteringLeftskip=\skip49
\RaggedLeftLeftskip=\skip50
\RaggedRightLeftskip=\skip51
\CenteringRightskip=\skip52
\RaggedLeftRightskip=\skip53
\RaggedRightRightskip=\skip54
\CenteringParfillskip=\skip55
\RaggedLeftParfillskip=\skip56
\RaggedRightParfillskip=\skip57
\JustifyingParfillskip=\skip58
\CenteringParindent=\skip59
\RaggedLeftParindent=\skip60
\RaggedRightParindent=\skip61
\JustifyingParindent=\skip62
) (/usr/local/texlive/2026/texmf-dist/tex/latex/graphics/rotating.sty
Package: rotating 2025/01/14 v2.16e rotated objects in LaTeX
 (/usr/local/texlive/2026/texmf-dist/tex/latex/base/ifthen.sty
Package: ifthen 2024/03/16 v1.1e Standard LaTeX ifthen package (DPC)
)
\c@r@tfl@t=\count283
\rotFPtop=\skip63
\rotFPbot=\skip64
\rot@float@box=\box54
\rot@mess@toks=\toks19
)
\draftskip=\count284
\c@section=\count285
\c@subsection=\count286
\c@subsubsection=\count287
\c@paragraph=\count288
\c@subparagraph=\count289
\c@figure=\count290
\c@table=\count291
\abovecaptionskip=\skip65
\belowcaptionskip=\skip66
\c@appendnum=\count292
\bibindent=\dimen155
 (/usr/local/texlive/2026/texmf-dist/tex/latex/apacite/apacite.sty
Package: apacite 2013/07/21 v6.03 APA citation
\c@BibCnt=\count293
\bibleftmargin=\skip67
\bibindent=\skip68
\bibparsep=\skip69
\bibitemsep=\skip70
\biblabelsep=\skip71
)) (./trackchanges.sty
Package: trackchanges 2009/04/22 v0.7.0 TrackChanges file 
 (/usr/local/texlive/2026/texmf-dist/tex/latex/tools/calc.sty
Package: calc 2025/03/01 v4.3b Infix arithmetic (KKT,FJ)
\calc@Acount=\count294
\calc@Bcount=\count295
\calc@Adimen=\dimen156
\calc@Bdimen=\dimen157
\calc@Askip=\skip72
\calc@Bskip=\skip73
LaTeX Info: Redefining \setlength on input line 86.
LaTeX Info: Redefining \addtolength on input line 87.
\calc@Ccount=\count296
\calc@Cskip=\skip74
) (/usr/local/texlive/2026/texmf-dist/tex/generic/soul/soul.sty
Package: soul 2026-03-06 v3.2 Permit use of UTF-8 characters in soul (HO)
 (/usr/local/texlive/2026/texmf-dist/tex/generic/soul/soul-ori.sty
Package: soul-ori 2026-03-06 v3.2 letterspacing/underlining (mf)
\SOUL@word=\toks20
\SOUL@lasttoken=\toks21
\SOUL@syllable=\toks22
\SOUL@cmds=\toks23
\SOUL@buffer=\toks24
\SOUL@token=\toks25
\SOUL@syllgoal=\dimen158
\SOUL@syllwidth=\dimen159
\SOUL@charkern=\dimen160
\SOUL@hyphkern=\dimen161
\SOUL@dimen=\dimen162
\SOUL@dimeni=\dimen163
\SOUL@minus=\count297
\SOUL@comma=\count298
\SOUL@apo=\count299
\SOUL@grave=\count300
\SOUL@spaceskip=\skip75
\SOUL@ttwidth=\dimen164
\SOUL@uldp=\dimen165
\SOUL@ulht=\dimen166
) (/usr/local/texlive/2026/texmf-dist/tex/generic/infwarerr/infwarerr.sty
Package: infwarerr 2019/12/03 v1.5 Providing info/warning/error messages (HO)
) (/usr/local/texlive/2026/texmf-dist/tex/generic/etexcmds/etexcmds.sty
Package: etexcmds 2019/12/15 v1.7 Avoid name clashes with e-TeX commands (HO)
 (/usr/local/texlive/2026/texmf-dist/tex/generic/iftex/iftex.sty
Package: iftex 2024/12/12 v1.0g TeX engine tests
))) (/usr/local/texlive/2026/texmf-dist/tex/latex/morefloats/morefloats.sty
Package: morefloats 2025/01/28 v1.1a Raise limit of unprocessed floats (HMM)
Package morefloats Info: Maximum number of possible floats asked for: 36
(morefloats)             (i.e. 18 more floats).
(morefloats)             LaTeX might run out of memory before this
(morefloats)             (in which case it will notify you).
)
\c@userid=\count301
\c@changenumber=\count302
\c@storefootnote=\count303
\c@numeditors=\count304
\c@maxeditors=\count305
) (/usr/local/texlive/2026/texmf-dist/tex/latex/l3backend/l3backend-pdftex.def
File: l3backend-pdftex.def 2025-10-09 L3 backend support: PDF output (pdfTeX)
\l__color_backend_stack_int=\count306
) (./draft.aux)
\openout1 = `draft.aux'.

LaTeX Font Info:    Checking defaults for OML/cmm/m/it on input line 64.
LaTeX Font Info:    ... okay on input line 64.
LaTeX Font Info:    Checking defaults for OMS/cmsy/m/n on input line 64.
LaTeX Font Info:    ... okay on input line 64.
LaTeX Font Info:    Checking defaults for OT1/cmr/m/n on input line 64.
LaTeX Font Info:    ... okay on input line 64.
LaTeX Font Info:    Checking defaults for T1/cmr/m/n on input line 64.
LaTeX Font Info:    ... okay on input line 64.
LaTeX Font Info:    Checking defaults for TS1/cmr/m/n on input line 64.
LaTeX Font Info:    ... okay on input line 64.
LaTeX Font Info:    Checking defaults for OMX/cmex/m/n on input line 64.
LaTeX Font Info:    ... okay on input line 64.
LaTeX Font Info:    Checking defaults for U/cmr/m/n on input line 64.
LaTeX Font Info:    ... okay on input line 64.
 (/usr/local/texlive/2026/texmf-dist/tex/context/base/mkii/supp-pdf.mkii
[Loading MPS to PDF converter (version 2006.09.02).]
\scratchcounter=\count307
\scratchdimen=\dimen167
\scratchbox=\box55
\nofMPsegments=\count308
\nofMParguments=\count309
\everyMPshowfont=\toks26
\MPscratchCnt=\count310
\MPscratchDim=\dimen168
\MPnumerator=\count311
\makeMPintoPDFobject=\count312
\everyMPtoPDFconversion=\toks27
) (/usr/local/texlive/2026/texmf-dist/tex/latex/epstopdf-pkg/epstopdf-base.sty
Package: epstopdf-base 2020-01-24 v2.11 Base part for package epstopdf
 (/usr/local/texlive/2026/texmf-dist/tex/latex/grfext/grfext.sty
Package: grfext 2019/12/03 v1.3 Manage graphics extensions (HO)
 (/usr/local/texlive/2026/texmf-dist/tex/generic/kvdefinekeys/kvdefinekeys.sty
Package: kvdefinekeys 2019-12-19 v1.6 Define keys (HO)
)) (/usr/local/texlive/2026/texmf-dist/tex/generic/pdftexcmds/pdftexcmds.sty
Package: pdftexcmds 2020-06-27 v0.33 Utility functions of pdfTeX for LuaTeX (HO)
Package pdftexcmds Info: \pdf@primitive is available.
Package pdftexcmds Info: \pdf@ifprimitive is available.
Package pdftexcmds Info: \pdfdraftmode found.
)
Package epstopdf-base Info: Redefining graphics rule for `.eps' on input line 485.
Package grfext Info: Graphics extension search list:
(grfext)             [.pdf,.png,.jpg,.mps,.jpeg,.jbig2,.jb2,.PDF,.PNG,.JPG,.JPEG,.JBIG2,.JB2,.eps]
(grfext)             \AppendGraphicsExtensions on input line 504.
 (/usr/local/texlive/2026/texmf-dist/tex/latex/latexconfig/epstopdf-sys.cfg
File: epstopdf-sys.cfg 2010/07/13 v1.3 Configuration of (r)epstopdf for TeX Live
))
\c@maskedRefs=\count313
 (/usr/local/texlive/2026/texmf-dist/tex/latex/apacite/english.apc
File: english.apc 2013/07/21 v6.03 apacite language file
LaTeX Info: Redefining \BPBI on input line 129.
LaTeX Info: Redefining \BHBI on input line 130.
)
LaTeX Font Info:    External font `cmex10' loaded for size
(Font)              <7> on input line 100.
LaTeX Font Info:    External font `cmex10' loaded for size
(Font)              <5> on input line 100.
LaTeX Font Info:    External font `cmex10' loaded for size
(Font)              <8> on input line 108.
LaTeX Font Info:    External font `cmex10' loaded for size
(Font)              <6> on input line 108.
 [1{/usr/local/texlive/2026/texmf-var/fonts/map/pdftex/updmap/pdftex.map}]

LaTeX Font Warning: Font shape `OT1/cmr/m/n' in size <10.5> not available
(Font)              size <10.95> substituted on input line 171.


LaTeX Font Warning: Font shape `OT1/cmr/bx/n' in size <10.5> not available
(Font)              size <10.95> substituted on input line 171.

(./sections/introduction.tex
Overfull \hbox (22.07402pt too wide) in paragraph at lines 5--5
[]\OT1/cmr/bx/n/10 Elastic Re-bound The-ory and Earth-quake Cy-cles on Trans-form Faults  
 []


Overfull \hbox (6.98784pt too wide) in paragraph at lines 8--9
[]\OT1/cmr/m/n/10 Application of elas-tic re-bound the-ory and seis-mic gap hy-pothe-ses to stress ac-cu- 
 []


Overfull \hbox (1.96019pt too wide) in paragraph at lines 9--10
[]\OT1/cmr/m/n/10 Shortcommings of the elas-tic re-bound the-ory in ex-plain-ing com-plex earth-quake 
 []


Overfull \hbox (6.82123pt too wide) in paragraph at lines 14--15
[]\OT1/cmr/m/n/10 Tectonic frame-work of the plate bound-ary, quasi-periodic seis-mic-ity, fault strike, 
 []


Overfull \hbox (19.73792pt too wide) in paragraph at lines 16--17
[]\OT1/cmr/m/n/10 Overview of the 2015 and 2025 earth-quake se-quence oc-cur-ring along the same fault 
 []


Overfull \hbox (8.82127pt too wide) in paragraph at lines 21--23
[]\OT1/cmr/m/n/10 In this slowly mov-ing trans-form fault sys-tem, the 2015 and 2025 earth-quakes oc- 
 []


Overfull \hbox (14.15446pt too wide) in paragraph at lines 21--23
\OT1/cmr/m/n/10 curred within a short time span of 10 years which is un-ex-pected This con-tra-dictcs 
 []


Overfull \hbox (3.849pt too wide) in paragraph at lines 23--24
[]\OT1/cmr/m/n/10 Are the slip dis-tri-bu-tions of the 2015 and 2025 earth-quakes sim-i-lar or dif-fer-ent? 
 []


Overfull \hbox (1.0434pt too wide) in paragraph at lines 23--24
\OT1/cmr/m/n/10 If dif-fer-ent, what are the im-pli-ca-tions for stress ac-cu-mu-la-tion and re-lease along 
 []

) (./sections/data_method.tex)
Overfull \hbox (9.82117pt too wide) in paragraph at lines 371--373
[]\OT1/cmr/m/n/10 This sec-tion MUST con-tain a state-ment that de-scribes where the data sup-port-ing 
 []


Overfull \hbox (5.90463pt too wide) in paragraph at lines 371--373
\OT1/cmr/m/n/10 the con-clu-sions can be ob-tained. Data can-not be listed as ''Avail-able from au-thors'' or 
 []


Overfull \hbox (4.4047pt too wide) in paragraph at lines 371--373
\OT1/cmr/m/n/10 stored solely in sup-port-ing in-for-ma-tion. Ci-ta-tions to archived data should be in-cluded 
 []


Overfull \hbox (18.51564pt too wide) in paragraph at lines 371--373
\OT1/cmr/m/n/10 in your ref-er-ence list. Wi-ley will pub-lish it as a sep-a-rate sec-tion on the pa-per's page. Ex- 
 []


Overfull \hbox (71.11316pt too wide) in paragraph at lines 371--373
\OT1/cmr/m/n/10 am-ples and com-plete in-for-ma-tion are here: https://www.agu.org/Publish with AGU/Publish/Author 
 []


Overfull \hbox (7.75172pt too wide) in paragraph at lines 375--380
[]\OT1/cmr/m/n/10 The Au-thor-ship: In-clu-sion in Global Re-search pol-icy aims to pro-mote greater eq- 
 []


Overfull \hbox (10.27957pt too wide) in paragraph at lines 375--380
\OT1/cmr/m/n/10 uity and trans-parency in re-search col-lab-o-ra-tions. AGU Pub-li-ca-tions en-cour-age re-search 
 []


Overfull \hbox (0.23792pt too wide) in paragraph at lines 375--380
\OT1/cmr/m/n/10 col-lab-o-ra-tions be-tween re-gions, coun-tries, and com-mu-ni-ties and ex-pect au-thors to in- 
 []


Overfull \hbox (8.724pt too wide) in paragraph at lines 375--380
\OT1/cmr/m/n/10 clude their lo-cal col-lab-o-ra-tors as co-authors when they meet the AGU Pub-li-ca-tions au- 
 []


Overfull \hbox (60.73816pt too wide) in paragraph at lines 375--380
\OT1/cmr/m/n/10 thor-ship cri-te-ria (de-scribed here: https://www.agu.org/publications/authors/policies#authorship). 
 []


Overfull \hbox (13.96008pt too wide) in paragraph at lines 375--380
\OT1/cmr/m/n/10 Those who do not meet the cri-te-ria should be in-cluded in the Ac-knowl-edge-ment sec-tion. 
 []


Overfull \hbox (1.23775pt too wide) in paragraph at lines 375--380
\OT1/cmr/m/n/10 We en-cour-age re-searchers to con-sider rec-om-men-da-tions from The TRUST CODE - A 
 []


Overfull \hbox (75.41867pt too wide) in paragraph at lines 375--380
\OT1/cmr/m/n/10 Global Code of Con-duct for Eq-ui-table Re-search Part-ner-ships (https://www.globalcodeofconduct.org/) 
 []


Overfull \hbox (5.7657pt too wide) in paragraph at lines 375--380
\OT1/cmr/m/n/10 when con-duct-ing and re-port-ing their re-search, as ap-pli-ca-ble, and en-cour-age au-thors to 
 []


Overfull \hbox (4.71011pt too wide) in paragraph at lines 375--380
\OT1/cmr/m/n/10 in-clude a dis-clo-sure state-ment per-tain-ing to the eth-i-cal and sci-en-tific con-sid-er-a-tions of 
 []


Overfull \hbox (5.8073pt too wide) in paragraph at lines 375--380
\OT1/cmr/m/n/10 their re-search col-lab-o-ra-tions in an \In-clu-sion in Global Re-search State-ment' as a stan- 
 []


Overfull \hbox (15.54344pt too wide) in paragraph at lines 375--380
\OT1/cmr/m/n/10 dalone sec-tion in the manuscript fol-low-ing the Con-clu-sions sec-tion. This can in-clude dis- 
 []


Overfull \hbox (2.37685pt too wide) in paragraph at lines 375--380
\OT1/cmr/m/n/10 clo-sure of per-mits, au-tho-riza-tions, per-mis-sions and/or any for-mal agree-ments with lo- 
 []


Overfull \hbox (16.51573pt too wide) in paragraph at lines 375--380
\OT1/cmr/m/n/10 cal com-mu-ni-ties or other au-thor-i-ties, ad-di-tional ac-knowl-edge-ments of lo-cal help re-ceived, 
 []


Overfull \hbox (10.26567pt too wide) in paragraph at lines 375--380
\OT1/cmr/m/n/10 and/or de-scrip-tion of end-users of the re-search. You can learn more about the pol-icy in 
 []


Overfull \hbox (12.54356pt too wide) in paragraph at lines 375--380
\OT1/cmr/m/n/10 this ed-i-to-rial. Ex-am-ple state-ments can be found in the fol-low-ing pub-lished pa-pers: Holt 
 []


Overfull \hbox (22.16875pt too wide) in paragraph at lines 375--380
\OT1/cmr/m/n/10 et al. (https://agupubs.onlinelibrary.wiley.com/doi/full/10.1029/2022JG007188), S^^Sanchez- 
 []


Overfull \hbox (25.68262pt too wide) in paragraph at lines 375--380
\OT1/cmr/m/n/10 Guti^^Serrez et al. (https://agupubs.onlinelibrary.wiley.com/doi/abs/10.1029/2023JG007554), 
 []


Overfull \hbox (8.83542pt too wide) in paragraph at lines 375--380
\OT1/cmr/m/n/10 Tully et al. (https://agupubs.onlinelibrary.wiley.com/doi/epdf/10.1029/2022JG007128) 
 []


Overfull \hbox (1.44617pt too wide) in paragraph at lines 375--380
\OT1/cmr/m/n/10 Please note that these state-ments are ti-tled as \Global Re-search Col-lab-o-ra-tion State- 
 []


Overfull \hbox (4.61285pt too wide) in paragraph at lines 375--380
\OT1/cmr/m/n/10 ments" from a pre-vi-ous pi-lot re-quire-ment in JGR Bio-geo-sciences. The pi-lot has ended 
 []

[2]
Overfull \hbox (3.45999pt too wide) in paragraph at lines 382--383
[]\OT1/cmr/m/n/10 Please in-clude a com-pre-hen-sive con-flict of in-ter-est state-ment that re-flect all con- 
 []


Overfull \hbox (12.07117pt too wide) in paragraph at lines 382--383
\OT1/cmr/m/n/10 flicts of in-ter-est for all in-volved au-thors. If there are no con-flicts of in-ter-est please state, 
 []


Overfull \hbox (8.65456pt too wide) in paragraph at lines 386--388
\OT1/cmr/m/n/10 Enter ac-knowl-edg-ments here. This sec-tion is to ac-knowl-edge fund-ing, thank col-leagues, 
 []

[3] (./draft.aux)
 ***********
LaTeX2e <2025-11-01>
L3 programming layer <2026-01-19>
 ***********


LaTeX Font Warning: Size substitutions with differences
(Font)              up to 0.45pt have occurred.

 ) 
Here is how much of TeX's memory you used:
 4311 strings out of 467525
 68924 string characters out of 5418988
 494296 words of memory out of 5000000
 33148 multiletter control sequences out of 15000+600000
 632489 words of font info for 56 fonts, out of 8000000 for 9000
 1147 hyphenation exceptions out of 8191
 72i,8n,79p,1460b,258s stack positions out of 10000i,1000n,20000p,200000b,200000s
</usr/local/texlive/2026/texmf-dist/fonts/type1/public/amsfonts/cm/cmbx10.pfb></usr/local/texlive/2026/texmf-dist/fonts/type1/public/amsfonts/cm/cmbx12.pfb></usr/local/texlive/2026/texmf-dist/fonts/type1/public/amsfonts/cm/cmr10.pfb></usr/local/texlive/2026/texmf-dist/fonts/type1/public/amsfonts/cm/cmr6.pfb></usr/local/texlive/2026/texmf-dist/fonts/type1/public/amsfonts/cm/cmr7.pfb></usr/local/texlive/2026/texmf-dist/fonts/type1/public/amsfonts/cm/cmr8.pfb></usr/local/texlive/2026/texmf-dist/fonts/type1/public/amsfonts/cm/cmr9.pfb></usr/local/texlive/2026/texmf-dist/fonts/type1/public/amsfonts/cm/cmss8.pfb></usr/local/texlive/2026/texmf-dist/fonts/type1/public/amsfonts/cm/cmsy5.pfb></usr/local/texlive/2026/texmf-dist/fonts/type1/public/amsfonts/cm/cmti9.pfb></usr/local/texlive/2026/texmf-dist/fonts/type1/public/amsfonts/cm/cmtt9.pfb>
Output written on draft.pdf (3 pages, 143175 bytes).
PDF statistics:
 69 PDF objects out of 1000 (max. 8388607)
 41 compressed objects within 1 object stream
 0 named destinations out of 1000 (max. 500000)
 1 words of extra memory for PDF output out of 10000 (max. 10000000)

